******************************************************************************
  TMS320C2000 Evaluation Linker PC v6.0.1                      
******************************************************************************
>> Linked Sun Feb 04 10:34:19 2018

OUTPUT FILE NAME:   <POP28335_SD_FAT32.out>
ENTRY POINT SYMBOL: "_c_int00"  address: 0000a8b1


MEMORY CONFIGURATION

         name            origin    length      used     unused   attr    fill
----------------------  --------  ---------  --------  --------  ----  --------
PAGE 0:
  BEGIN                 00000000   00000002  00000002  00000000  RWIX
  BOOT_RSVD             00000002   0000004e  00000000  0000004e  RWIX
  RAMM0                 00000050   000003b0  00000000  000003b0  RWIX
  RAML0                 00008000   00004000  00002a2f  000015d1  RWIX
  CSM_RSVD              0033ff80   00000076  00000000  00000076  RWIX
  CSM_PWL               0033fff8   00000008  00000000  00000008  RWIX
  ADC_CAL               00380080   00000009  00000007  00000002  RWIX
  IQTABLES              003fe000   00000b50  00000000  00000b50  RWIX
  IQTABLES2             003feb50   0000008c  00000000  0000008c  RWIX
  FPUTABLES             003febdc   000006a0  00000000  000006a0  RWIX
  BOOTROM               003ff27c   00000d44  00000000  00000d44  RWIX
  RESET                 003fffc0   00000002  00000000  00000002  RWIX

PAGE 1:
  RAMM1                 00000400   00000400  00000380  00000080  RWIX
  DEV_EMU               00000880   00000180  000000d0  000000b0  RWIX
  FLASH_REGS            00000a80   00000060  00000008  00000058  RWIX
  CSM                   00000ae0   00000010  00000010  00000000  RWIX
  ADC_MIRROR            00000b00   00000010  00000010  00000000  RWIX
  XINTF                 00000b20   00000020  0000001e  00000002  RWIX
  CPU_TIMER0            00000c00   00000008  00000008  00000000  RWIX
  CPU_TIMER1            00000c08   00000008  00000008  00000000  RWIX
  CPU_TIMER2            00000c10   00000008  00000008  00000000  RWIX
  PIE_CTRL              00000ce0   00000020  0000001a  00000006  RWIX
  PIE_VECT              00000d00   00000100  00000100  00000000  RWIX
  DMA                   00001000   00000200  000000e0  00000120  RWIX
  MCBSPA                00005000   00000040  00000025  0000001b  RWIX
  MCBSPB                00005040   00000040  00000025  0000001b  RWIX
  ECANA                 00006000   00000040  00000034  0000000c  RWIX
  ECANA_LAM             00006040   00000040  00000040  00000000  RWIX
  ECANA_MOTS            00006080   00000040  00000040  00000000  RWIX
  ECANA_MOTO            000060c0   00000040  00000040  00000000  RWIX
  ECANA_MBOX            00006100   00000100  00000100  00000000  RWIX
  ECANB                 00006200   00000040  00000034  0000000c  RWIX
  ECANB_LAM             00006240   00000040  00000040  00000000  RWIX
  ECANB_MOTS            00006280   00000040  00000040  00000000  RWIX
  ECANB_MOTO            000062c0   00000040  00000040  00000000  RWIX
  ECANB_MBOX            00006300   00000100  00000100  00000000  RWIX
  EPWM1                 00006800   00000022  00000022  00000000  RWIX
  EPWM2                 00006840   00000022  00000022  00000000  RWIX
  EPWM3                 00006880   00000022  00000022  00000000  RWIX
  EPWM4                 000068c0   00000022  00000022  00000000  RWIX
  EPWM5                 00006900   00000022  00000022  00000000  RWIX
  EPWM6                 00006940   00000022  00000022  00000000  RWIX
  ECAP1                 00006a00   00000020  00000020  00000000  RWIX
  ECAP2                 00006a20   00000020  00000020  00000000  RWIX
  ECAP3                 00006a40   00000020  00000020  00000000  RWIX
  ECAP4                 00006a60   00000020  00000020  00000000  RWIX
  ECAP5                 00006a80   00000020  00000020  00000000  RWIX
  ECAP6                 00006aa0   00000020  00000020  00000000  RWIX
  EQEP1                 00006b00   00000040  00000040  00000000  RWIX
  EQEP2                 00006b40   00000040  00000040  00000000  RWIX
  GPIOCTRL              00006f80   00000040  0000002e  00000012  RWIX
  GPIODAT               00006fc0   00000020  00000020  00000000  RWIX
  GPIOINT               00006fe0   00000020  0000000a  00000016  RWIX
  SYSTEM                00007010   00000020  00000020  00000000  RWIX
  SPIA                  00007040   00000010  00000010  00000000  RWIX
  SCIA                  00007050   00000010  00000010  00000000  RWIX
  XINTRUPT              00007070   00000010  00000010  00000000  RWIX
  ADC                   00007100   00000020  0000001e  00000002  RWIX
  SCIB                  00007750   00000010  00000010  00000000  RWIX
  SCIC                  00007770   00000010  00000010  00000000  RWIX
  I2CA                  00007900   00000040  00000022  0000001e  RWIX
  RAML4                 0000c000   00004000  00002b43  000014bd  RWIX
  ZONE6B                00110000   00008000  00000000  00008000  RWIX
  CSM_PWL               0033fff8   00000008  00000008  00000000  RWIX


SECTION ALLOCATION MAP

 output                                  attributes/
section   page    origin      length       input sections
--------  ----  ----------  ----------   ----------------
codestart 
*          0    00000000    00000002     
                  00000000    00000002     DSP2833x_CodeStartBranch.obj (codestart)

.pinit     0    00008000    00000000     UNINITIALIZED

.text      0    00008000    000029ee     
                  00008000    00000e0c     HPI16.obj (.text)
                  00008e0c    00000b1b     HPI32.obj (.text)
                  00009927    00000228     Fat32.obj (.text)
                  00009b4f    00000190     DSP2833x_DefaultIsr.obj (.text:retain)
                  00009cdf    00000186     Fat16.obj (.text)
                  00009e65    00000160     DEVICE.obj (.text)
                  00009fc5    00000159     SD_SPI_Initialization.obj (.text)
                  0000a11e    000000fa     DSP2833x_Xintf.obj (.text)
                  0000a218    000000f6     fat.obj (.text)
                  0000a30e    000000f5     DSP2833x_SysCtrl.obj (.text)
                  0000a403    000000da     SD_SPI_Write.obj (.text)
                  0000a4dd    000000c5     SD_SPI_Read.obj (.text)
                  0000a5a2    000000b8     Udisc.obj (.text)
                  0000a65a    000000af     SD_SPI_Registers.obj (.text)
                  0000a709    000000a5     SD_SPI_Transmission.obj (.text)
                  0000a7ae    000000a2     HAL.obj (.text)
                  0000a850    00000061     SD_SPI_Erase.obj (.text)
                  0000a8b1    00000044     rts2800_ml.lib : boot.obj (.text)
                  0000a8f5    0000002c     DSP2833x_Spi.obj (.text)
                  0000a921    00000028     DSP2833x_PieCtrl.obj (.text)
                  0000a949    00000026     SD_FAT32.obj (.text)
                  0000a96f    00000020     DSP2833x_PieVect.obj (.text)
                  0000a98f    00000019     rts2800_ml.lib : args_main.obj (.text)
                  0000a9a8    00000019                    : exit.obj (.text)
                  0000a9c1    00000010                    : toupper.obj (.text)
                  0000a9d1    0000000c                    : islower.obj (.text)
                  0000a9dd    00000009                    : _lock.obj (.text)
                  0000a9e6    00000008     DSP2833x_CodeStartBranch.obj (.text)

.cinit     0    0000a9ee    00000022     
                  0000a9ee    0000000c     SD_SPI_Initialization.obj (.cinit)
                  0000a9fa    0000000a     rts2800_ml.lib : _lock.obj (.cinit)
                  0000aa04    0000000a                    : exit.obj (.cinit)
                  0000aa0e    00000002     --HOLE-- [fill = 0]

ramfuncs   0    0000aa10    0000001f     
                  0000aa10    0000001b     DSP2833x_SysCtrl.obj (ramfuncs)
                  0000aa2b    00000004     DSP2833x_usDelay.obj (ramfuncs)

csm_rsvd   0    0033ff80    00000000     DSECT

csmpasswds 
*          0    0033fff8    00000000     DSECT

.adc_cal   0    00380080    00000007     NOLOAD SECTION
                  00380080    00000007     DSP2833x_ADC_cal.obj (.adc_cal)

.reset     0    003fffc0    00000002     DSECT
                  003fffc0    00000002     rts2800_ml.lib : boot.obj (.reset)

.stack     1    00000400    00000380     UNINITIALIZED
                  00000400    00000380     --HOLE--

DevEmuRegsFile 
*          1    00000880    000000d0     UNINITIALIZED
                  00000880    000000d0     DSP2833x_GlobalVariableDefs.obj (DevEmuRegsFile)

FlashRegsFile 
*          1    00000a80    00000008     UNINITIALIZED
                  00000a80    00000008     DSP2833x_GlobalVariableDefs.obj (FlashRegsFile)

CsmRegsFile 
*          1    00000ae0    00000010     UNINITIALIZED
                  00000ae0    00000010     DSP2833x_GlobalVariableDefs.obj (CsmRegsFile)

AdcMirrorFile 
*          1    00000b00    00000010     UNINITIALIZED
                  00000b00    00000010     DSP2833x_GlobalVariableDefs.obj (AdcMirrorFile)

XintfRegsFile 
*          1    00000b20    0000001e     UNINITIALIZED
                  00000b20    0000001e     DSP2833x_GlobalVariableDefs.obj (XintfRegsFile)

CpuTimer0RegsFile 
*          1    00000c00    00000008     UNINITIALIZED
                  00000c00    00000008     DSP2833x_GlobalVariableDefs.obj (CpuTimer0RegsFile)

CpuTimer1RegsFile 
*          1    00000c08    00000008     UNINITIALIZED
                  00000c08    00000008     DSP2833x_GlobalVariableDefs.obj (CpuTimer1RegsFile)

CpuTimer2RegsFile 
*          1    00000c10    00000008     UNINITIALIZED
                  00000c10    00000008     DSP2833x_GlobalVariableDefs.obj (CpuTimer2RegsFile)

PieCtrlRegsFile 
*          1    00000ce0    0000001a     UNINITIALIZED
                  00000ce0    0000001a     DSP2833x_GlobalVariableDefs.obj (PieCtrlRegsFile)

PieVectTableFile 
*          1    00000d00    00000100     UNINITIALIZED
                  00000d00    00000100     DSP2833x_GlobalVariableDefs.obj (PieVectTableFile)

DmaRegsFile 
*          1    00001000    000000e0     UNINITIALIZED
                  00001000    000000e0     DSP2833x_GlobalVariableDefs.obj (DmaRegsFile)

McbspaRegsFile 
*          1    00005000    00000025     UNINITIALIZED
                  00005000    00000025     DSP2833x_GlobalVariableDefs.obj (McbspaRegsFile)

McbspbRegsFile 
*          1    00005040    00000025     UNINITIALIZED
                  00005040    00000025     DSP2833x_GlobalVariableDefs.obj (McbspbRegsFile)

ECanaRegsFile 
*          1    00006000    00000034     UNINITIALIZED
                  00006000    00000034     DSP2833x_GlobalVariableDefs.obj (ECanaRegsFile)

ECanaLAMRegsFile 
*          1    00006040    00000040     UNINITIALIZED
                  00006040    00000040     DSP2833x_GlobalVariableDefs.obj (ECanaLAMRegsFile)

ECanaMOTSRegsFile 
*          1    00006080    00000040     UNINITIALIZED
                  00006080    00000040     DSP2833x_GlobalVariableDefs.obj (ECanaMOTSRegsFile)

ECanaMOTORegsFile 
*          1    000060c0    00000040     UNINITIALIZED
                  000060c0    00000040     DSP2833x_GlobalVariableDefs.obj (ECanaMOTORegsFile)

ECanaMboxesFile 
*          1    00006100    00000100     UNINITIALIZED
                  00006100    00000100     DSP2833x_GlobalVariableDefs.obj (ECanaMboxesFile)

ECanbRegsFile 
*          1    00006200    00000034     UNINITIALIZED
                  00006200    00000034     DSP2833x_GlobalVariableDefs.obj (ECanbRegsFile)

ECanbLAMRegsFile 
*          1    00006240    00000040     UNINITIALIZED
                  00006240    00000040     DSP2833x_GlobalVariableDefs.obj (ECanbLAMRegsFile)

ECanbMOTSRegsFile 
*          1    00006280    00000040     UNINITIALIZED
                  00006280    00000040     DSP2833x_GlobalVariableDefs.obj (ECanbMOTSRegsFile)

ECanbMOTORegsFile 
*          1    000062c0    00000040     UNINITIALIZED
                  000062c0    00000040     DSP2833x_GlobalVariableDefs.obj (ECanbMOTORegsFile)

ECanbMboxesFile 
*          1    00006300    00000100     UNINITIALIZED
                  00006300    00000100     DSP2833x_GlobalVariableDefs.obj (ECanbMboxesFile)

EPwm1RegsFile 
*          1    00006800    00000022     UNINITIALIZED
                  00006800    00000022     DSP2833x_GlobalVariableDefs.obj (EPwm1RegsFile)

EPwm2RegsFile 
*          1    00006840    00000022     UNINITIALIZED
                  00006840    00000022     DSP2833x_GlobalVariableDefs.obj (EPwm2RegsFile)

EPwm3RegsFile 
*          1    00006880    00000022     UNINITIALIZED
                  00006880    00000022     DSP2833x_GlobalVariableDefs.obj (EPwm3RegsFile)

EPwm4RegsFile 
*          1    000068c0    00000022     UNINITIALIZED
                  000068c0    00000022     DSP2833x_GlobalVariableDefs.obj (EPwm4RegsFile)

EPwm5RegsFile 
*          1    00006900    00000022     UNINITIALIZED
                  00006900    00000022     DSP2833x_GlobalVariableDefs.obj (EPwm5RegsFile)

EPwm6RegsFile 
*          1    00006940    00000022     UNINITIALIZED
                  00006940    00000022     DSP2833x_GlobalVariableDefs.obj (EPwm6RegsFile)

ECap1RegsFile 
*          1    00006a00    00000020     UNINITIALIZED
                  00006a00    00000020     DSP2833x_GlobalVariableDefs.obj (ECap1RegsFile)

ECap2RegsFile 
*          1    00006a20    00000020     UNINITIALIZED
                  00006a20    00000020     DSP2833x_GlobalVariableDefs.obj (ECap2RegsFile)

ECap3RegsFile 
*          1    00006a40    00000020     UNINITIALIZED
                  00006a40    00000020     DSP2833x_GlobalVariableDefs.obj (ECap3RegsFile)

ECap4RegsFile 
*          1    00006a60    00000020     UNINITIALIZED
                  00006a60    00000020     DSP2833x_GlobalVariableDefs.obj (ECap4RegsFile)

ECap5RegsFile 
*          1    00006a80    00000020     UNINITIALIZED
                  00006a80    00000020     DSP2833x_GlobalVariableDefs.obj (ECap5RegsFile)

ECap6RegsFile 
*          1    00006aa0    00000020     UNINITIALIZED
                  00006aa0    00000020     DSP2833x_GlobalVariableDefs.obj (ECap6RegsFile)

EQep1RegsFile 
*          1    00006b00    00000040     UNINITIALIZED
                  00006b00    00000040     DSP2833x_GlobalVariableDefs.obj (EQep1RegsFile)

EQep2RegsFile 
*          1    00006b40    00000040     UNINITIALIZED
                  00006b40    00000040     DSP2833x_GlobalVariableDefs.obj (EQep2RegsFile)

GpioCtrlRegsFile 
*          1    00006f80    0000002e     UNINITIALIZED
                  00006f80    0000002e     DSP2833x_GlobalVariableDefs.obj (GpioCtrlRegsFile)

GpioDataRegsFile 
*          1    00006fc0    00000020     UNINITIALIZED
                  00006fc0    00000020     DSP2833x_GlobalVariableDefs.obj (GpioDataRegsFile)

GpioIntRegsFile 
*          1    00006fe0    0000000a     UNINITIALIZED
                  00006fe0    0000000a     DSP2833x_GlobalVariableDefs.obj (GpioIntRegsFile)

SysCtrlRegsFile 
*          1    00007010    00000020     UNINITIALIZED
                  00007010    00000020     DSP2833x_GlobalVariableDefs.obj (SysCtrlRegsFile)

SpiaRegsFile 
*          1    00007040    00000010     UNINITIALIZED
                  00007040    00000010     DSP2833x_GlobalVariableDefs.obj (SpiaRegsFile)

SciaRegsFile 
*          1    00007050    00000010     UNINITIALIZED
                  00007050    00000010     DSP2833x_GlobalVariableDefs.obj (SciaRegsFile)

XIntruptRegsFile 
*          1    00007070    00000010     UNINITIALIZED
                  00007070    00000010     DSP2833x_GlobalVariableDefs.obj (XIntruptRegsFile)

AdcRegsFile 
*          1    00007100    0000001e     UNINITIALIZED
                  00007100    0000001e     DSP2833x_GlobalVariableDefs.obj (AdcRegsFile)

ScibRegsFile 
*          1    00007750    00000010     UNINITIALIZED
                  00007750    00000010     DSP2833x_GlobalVariableDefs.obj (ScibRegsFile)

ScicRegsFile 
*          1    00007770    00000010     UNINITIALIZED
                  00007770    00000010     DSP2833x_GlobalVariableDefs.obj (ScicRegsFile)

I2caRegsFile 
*          1    00007900    00000022     UNINITIALIZED
                  00007900    00000022     DSP2833x_GlobalVariableDefs.obj (I2caRegsFile)

.ebss      1    0000c000    00002936     UNINITIALIZED
                  0000c000    000016c0     HPI32.obj (.ebss)
                  0000d6c0    00000840     Udisc.obj (.ebss)
                  0000df00    00000800     DEVICE.obj (.ebss)
                  0000e700    00000200     Fat32.obj (.ebss)
                  0000e900    0000002b     SD_SPI_Initialization.obj (.ebss)
                  0000e92b    00000001     --HOLE--
                  0000e92c    00000004     rts2800_ml.lib : _lock.obj (.ebss)
                  0000e930    00000004                    : exit.obj (.ebss)
                  0000e934    00000002     HPI16.obj (.ebss)

.econst    1    0000e936    0000020d     
                  0000e936    00000101     rts2800_ml.lib : ctype.obj (.econst:__ctypes_)
                  0000ea37    00000001     --HOLE-- [fill = 0]
                  0000ea38    00000100     DSP2833x_PieVect.obj (.econst)
                  0000eb38    0000000b     Udisc.obj (.econst:.string)

CsmPwlFile 
*          1    0033fff8    00000008     UNINITIALIZED
                  0033fff8    00000008     DSP2833x_GlobalVariableDefs.obj (CsmPwlFile)


GLOBAL SYMBOLS: SORTED ALPHABETICALLY BY Name 

address    name
--------   ----
00008000   .text
0000a9a8   C$$EXIT
00009bc2   _ADCINT_ISR
00380080   _ADC_cal
00000b00   _AdcMirror
00007100   _AdcRegs
00000c00   _CpuTimer0Regs
00000c08   _CpuTimer1Regs
00000c10   _CpuTimer2Regs
00009e21   _CreateClusterLink16
00009af5   _CreateClusterLink32
0000a2c4   _CreateDir
00008a1d   _CreateDir16
0000953f   _CreateDir32
0000a25c   _CreateFile
000083ca   _CreateFile16
00009008   _CreateFile32
0033fff8   _CsmPwl
00000ae0   _CsmRegs
0000a3d2   _CsmUnlock
00009b59   _DATALOG_ISR
0000df00   _DBUF
00009c53   _DINTCH1_ISR
00009c58   _DINTCH2_ISR
00009c5d   _DINTCH3_ISR
00009c62   _DINTCH4_ISR
00009c67   _DINTCH5_ISR
00009c6c   _DINTCH6_ISR
0000aa2b   _DSP28x_usDelay
0000d700   _DataBuf
0000a7b9   _DelayMs
00009d83   _DeleteClusterLink16
000099e8   _DeleteClusterLink32
0000a2bc   _DetectDisk
00000880   _DevEmuRegs
0000c016   _DeviceInfo
0000e935   _DirStartCluster
0000c002   _DirStartCluster32
0000a321   _DisableDog
00001000   _DmaRegs
0000a2e1   _DownDir
00008ce6   _DownDir16
00009805   _DownDir32
00009c99   _ECAN0INTA_ISR
00009ca3   _ECAN0INTB_ISR
00009c9e   _ECAN1INTA_ISR
00009ca8   _ECAN1INTB_ISR
00009c0d   _ECAP1_INT_ISR
00009c12   _ECAP2_INT_ISR
00009c17   _ECAP3_INT_ISR
00009c1c   _ECAP4_INT_ISR
00009c21   _ECAP5_INT_ISR
00009c26   _ECAP6_INT_ISR
00006040   _ECanaLAMRegs
000060c0   _ECanaMOTORegs
00006080   _ECanaMOTSRegs
00006100   _ECanaMboxes
00006000   _ECanaRegs
00006240   _ECanbLAMRegs
000062c0   _ECanbMOTORegs
00006280   _ECanbMOTSRegs
00006300   _ECanbMboxes
00006200   _ECanbRegs
00006a00   _ECap1Regs
00006a20   _ECap2Regs
00006a40   _ECap3Regs
00006a60   _ECap4Regs
00006a80   _ECap5Regs
00006aa0   _ECap6Regs
00009cd0   _EMPTY_ISR
00009b63   _EMUINT_ISR
00009bef   _EPWM1_INT_ISR
00009bd1   _EPWM1_TZINT_ISR
00009bf4   _EPWM2_INT_ISR
00009bd6   _EPWM2_TZINT_ISR
00009bf9   _EPWM3_INT_ISR
00009bdb   _EPWM3_TZINT_ISR
00009bfe   _EPWM4_INT_ISR
00009be0   _EPWM4_TZINT_ISR
00009c03   _EPWM5_INT_ISR
00009be5   _EPWM5_TZINT_ISR
00009c08   _EPWM6_INT_ISR
00009bea   _EPWM6_TZINT_ISR
00006800   _EPwm1Regs
00006840   _EPwm2Regs
00006880   _EPwm3Regs
000068c0   _EPwm4Regs
00006900   _EPwm5Regs
00006940   _EPwm6Regs
00009c2b   _EQEP1_INT_ISR
00009c30   _EQEP2_INT_ISR
00006b00   _EQep1Regs
00006b40   _EQep2Regs
0000a940   _EnableInterrupts
0000e700   _FATBUF
00009cdf   _FirstSectorofCluster16
00009927   _FirstSectorofCluster32
00000a80   _FlashRegs
0000a2b2   _GetCapacity
000089dd   _GetCapacity16
00009777   _GetCapacity32
00009dc9   _GetFreeCusterNum16
00009a60   _GetFreeCusterNum32
00009d12   _GetNextClusterNum16
00009964   _GetNextClusterNum32
00009d3f   _GoToPointer16
000099a6   _GoToPointer32
00006f80   _GpioCtrlRegs
00006fc0   _GpioDataRegs
00006fe0   _GpioIntRegs
00009c71   _I2CINT1A_ISR
00009c76   _I2CINT2A_ISR
00007900   _I2caRegs
00009b6d   _ILLEGAL_ISR
00009b4f   _INT13_ISR
00009b54   _INT14_ISR
00009e65   _InitFileSystem
0000aa10   _InitFlash
0000a377   _InitPeripheralClocks
0000a921   _InitPieCtrl
0000a96f   _InitPieVectTable
0000a329   _InitPll
0000a8f5   _InitSpi
0000a8f6   _InitSpiGpio
0000a8f9   _InitSpiaGpio
0000a30e   _InitSysCtrl
0000a11e   _InitXintf
0000a1be   _InitXintf16Gpio
0000a177   _InitXintf32Gpio
0000a811   _LSwapINT16
0000a81b   _LSwapINT32
00009ccb   _LUF_ISR
00009cc6   _LVF_ISR
0000a218   _List
00008000   _List16
00009302   _List32
00009c49   _MRINTA_ISR
00009c3f   _MRINTB_ISR
00009c4e   _MXINTA_ISR
00009c44   _MXINTB_ISR
00005000   _McbspaRegs
00005040   _McbspbRegs
00009b68   _NMI_ISR
0000e934   _NowCluster
0000c004   _NowCluster32
0000c000   _NowSector
0000a226   _OpenFile
00008198   _OpenFile16
00008e0c   _OpenFile32
00009cd5   _PIE_RESERVED
00000ce0   _PieCtrlRegs
00000d00   _PieVectTable
0000ea38   _PieVectTableInit
00009f9d   _RBC_Read
00009fb1   _RBC_Write
00009b5e   _RTOSINT_ISR
0000a237   _ReadFile
0000830d   _ReadFile16
00008f57   _ReadFile32
0000a29e   _RemoveFile
00008805   _RemoveFile16
000093ea   _RemoveFile32
00009c85   _SCIRXINTA_ISR
00009c8f   _SCIRXINTB_ISR
00009c7b   _SCIRXINTC_ISR
00009c8a   _SCITXINTA_ISR
00009c94   _SCITXINTB_ISR
00009c80   _SCITXINTC_ISR
00009bae   _SEQ1INT_ISR
00009bb3   _SEQ2INT_ISR
00009c35   _SPIRXINTA_ISR
00009c3a   _SPITXINTA_ISR
00009fc9   _SPI_DISABLE
00009fc5   _SPI_ENABLE
00007050   _SciaRegs
00007750   _ScibRegs
00007770   _ScicRegs
0000a317   _ServiceDog
0000a24b   _SetFilePointer
000083a8   _SetFilePointer16
00008fe6   _SetFilePointer32
0000c040   _ShowFileName
00007040   _SpiaRegs
0000a805   _SwapINT16
0000a7cd   _SwapINT32
00007010   _SysCtrlRegs
00009bc7   _TINT0_ISR
00009d01   _ThisFatEntOffset16
0000994d   _ThisFatEntOffset32
00009cf1   _ThisFatSecNum16
00009939   _ThisFatSecNum32
0000c006   _ThisFile
00009b9f   _USER10_ISR
00009ba4   _USER11_ISR
00009ba9   _USER12_ISR
00009b72   _USER1_ISR
00009b77   _USER2_ISR
00009b7c   _USER3_ISR
00009b81   _USER4_ISR
00009b86   _USER5_ISR
00009b8b   _USER6_ISR
00009b90   _USER7_ISR
00009b95   _USER8_ISR
00009b9a   _USER9_ISR
0000a2f2   _UpDir
00008dc9   _UpDir16
000097c7   _UpDir32
0000a300   _UpRootDir
00008dfe   _UpRootDir16
0000976a   _UpRootDir32
00009bcc   _WAKEINT_ISR
0000a7ae   _WordSwap
0000a28a   _WriteFile
00008662   _WriteFile16
000091e3   _WriteFile32
00009bb8   _XINT1_ISR
00009bbd   _XINT2_ISR
00009cad   _XINT3_ISR
00009cb2   _XINT4_ISR
00009cb7   _XINT5_ISR
00009cbc   _XINT6_ISR
00009cc1   _XINT7_ISR
00007070   _XIntruptRegs
00000b20   _XintfRegs
00000780   __STACK_END
00000380   __STACK_SIZE
00000001   __TI_args_main
ffffffff   ___binit__
ffffffff   ___c_args__
0000a9ee   ___cinit__
0000a9ee   ___etext__
ffffffff   ___pinit__
00008000   ___text__
0000a98f   __args_main
0000e930   __cleanup_ptr
0000e936   __ctypes_
0000e932   __dtors_ptr
0000e92e   __lock
0000a9e5   __nop
0000a9e1   __register_lock
0000a9dd   __register_unlock
00000400   __stack
0000e92c   __unlock
0000a9a8   _abort
0000d6c1   _bFlags
0000a8b1   _c_int00
0000e904   _card_status
0000e90b   _cid_contents
0000e902   _crc_enabled
0000e91b   _csd_contents
0000e900   _data_manipulation
0000a9aa   _exit
0000e901   _high_capacity
0000a9d1   _islower
0000a949   _main
0000e906   _ocr_contents
0000a5a2   _play_Udisc
0000e903   _response
00009cda   _rsvd_ISR
00009fda   _sd_card_insertion
0000a69b   _sd_cid_csd_response
0000a785   _sd_command_response
0000a758   _sd_crc7
0000a552   _sd_data_response
0000a850   _sd_erase_block
0000a7a6   _sd_error
00009feb   _sd_initialization
0000a684   _sd_ocr_response
0000a4dd   _sd_read_block
0000a509   _sd_read_multiple_block
0000a65a   _sd_read_register
0000a6d8   _sd_send_status
0000a03e   _sd_version1_initialization
0000a0a1   _sd_version2_initialization
0000a403   _sd_write_block
0000a479   _sd_write_data
0000a435   _sd_write_multiple_block
00009fcd   _spi_initialization
0000a709   _spi_xmit_byte
0000a717   _spi_xmit_command
0000a9c1   _toupper
0000d6c0   _usector
ffffffff   binit
0000a9ee   cinit
00000000   code_start
0000a9ee   etext
ffffffff   pinit


GLOBAL SYMBOLS: SORTED BY Symbol Address 

address    name
--------   ----
00000000   code_start
00000001   __TI_args_main
00000380   __STACK_SIZE
00000400   __stack
00000780   __STACK_END
00000880   _DevEmuRegs
00000a80   _FlashRegs
00000ae0   _CsmRegs
00000b00   _AdcMirror
00000b20   _XintfRegs
00000c00   _CpuTimer0Regs
00000c08   _CpuTimer1Regs
00000c10   _CpuTimer2Regs
00000ce0   _PieCtrlRegs
00000d00   _PieVectTable
00001000   _DmaRegs
00005000   _McbspaRegs
00005040   _McbspbRegs
00006000   _ECanaRegs
00006040   _ECanaLAMRegs
00006080   _ECanaMOTSRegs
000060c0   _ECanaMOTORegs
00006100   _ECanaMboxes
00006200   _ECanbRegs
00006240   _ECanbLAMRegs
00006280   _ECanbMOTSRegs
000062c0   _ECanbMOTORegs
00006300   _ECanbMboxes
00006800   _EPwm1Regs
00006840   _EPwm2Regs
00006880   _EPwm3Regs
000068c0   _EPwm4Regs
00006900   _EPwm5Regs
00006940   _EPwm6Regs
00006a00   _ECap1Regs
00006a20   _ECap2Regs
00006a40   _ECap3Regs
00006a60   _ECap4Regs
00006a80   _ECap5Regs
00006aa0   _ECap6Regs
00006b00   _EQep1Regs
00006b40   _EQep2Regs
00006f80   _GpioCtrlRegs
00006fc0   _GpioDataRegs
00006fe0   _GpioIntRegs
00007010   _SysCtrlRegs
00007040   _SpiaRegs
00007050   _SciaRegs
00007070   _XIntruptRegs
00007100   _AdcRegs
00007750   _ScibRegs
00007770   _ScicRegs
00007900   _I2caRegs
00008000   .text
00008000   _List16
00008000   ___text__
00008198   _OpenFile16
0000830d   _ReadFile16
000083a8   _SetFilePointer16
000083ca   _CreateFile16
00008662   _WriteFile16
00008805   _RemoveFile16
000089dd   _GetCapacity16
00008a1d   _CreateDir16
00008ce6   _DownDir16
00008dc9   _UpDir16
00008dfe   _UpRootDir16
00008e0c   _OpenFile32
00008f57   _ReadFile32
00008fe6   _SetFilePointer32
00009008   _CreateFile32
000091e3   _WriteFile32
00009302   _List32
000093ea   _RemoveFile32
0000953f   _CreateDir32
0000976a   _UpRootDir32
00009777   _GetCapacity32
000097c7   _UpDir32
00009805   _DownDir32
00009927   _FirstSectorofCluster32
00009939   _ThisFatSecNum32
0000994d   _ThisFatEntOffset32
00009964   _GetNextClusterNum32
000099a6   _GoToPointer32
000099e8   _DeleteClusterLink32
00009a60   _GetFreeCusterNum32
00009af5   _CreateClusterLink32
00009b4f   _INT13_ISR
00009b54   _INT14_ISR
00009b59   _DATALOG_ISR
00009b5e   _RTOSINT_ISR
00009b63   _EMUINT_ISR
00009b68   _NMI_ISR
00009b6d   _ILLEGAL_ISR
00009b72   _USER1_ISR
00009b77   _USER2_ISR
00009b7c   _USER3_ISR
00009b81   _USER4_ISR
00009b86   _USER5_ISR
00009b8b   _USER6_ISR
00009b90   _USER7_ISR
00009b95   _USER8_ISR
00009b9a   _USER9_ISR
00009b9f   _USER10_ISR
00009ba4   _USER11_ISR
00009ba9   _USER12_ISR
00009bae   _SEQ1INT_ISR
00009bb3   _SEQ2INT_ISR
00009bb8   _XINT1_ISR
00009bbd   _XINT2_ISR
00009bc2   _ADCINT_ISR
00009bc7   _TINT0_ISR
00009bcc   _WAKEINT_ISR
00009bd1   _EPWM1_TZINT_ISR
00009bd6   _EPWM2_TZINT_ISR
00009bdb   _EPWM3_TZINT_ISR
00009be0   _EPWM4_TZINT_ISR
00009be5   _EPWM5_TZINT_ISR
00009bea   _EPWM6_TZINT_ISR
00009bef   _EPWM1_INT_ISR
00009bf4   _EPWM2_INT_ISR
00009bf9   _EPWM3_INT_ISR
00009bfe   _EPWM4_INT_ISR
00009c03   _EPWM5_INT_ISR
00009c08   _EPWM6_INT_ISR
00009c0d   _ECAP1_INT_ISR
00009c12   _ECAP2_INT_ISR
00009c17   _ECAP3_INT_ISR
00009c1c   _ECAP4_INT_ISR
00009c21   _ECAP5_INT_ISR
00009c26   _ECAP6_INT_ISR
00009c2b   _EQEP1_INT_ISR
00009c30   _EQEP2_INT_ISR
00009c35   _SPIRXINTA_ISR
00009c3a   _SPITXINTA_ISR
00009c3f   _MRINTB_ISR
00009c44   _MXINTB_ISR
00009c49   _MRINTA_ISR
00009c4e   _MXINTA_ISR
00009c53   _DINTCH1_ISR
00009c58   _DINTCH2_ISR
00009c5d   _DINTCH3_ISR
00009c62   _DINTCH4_ISR
00009c67   _DINTCH5_ISR
00009c6c   _DINTCH6_ISR
00009c71   _I2CINT1A_ISR
00009c76   _I2CINT2A_ISR
00009c7b   _SCIRXINTC_ISR
00009c80   _SCITXINTC_ISR
00009c85   _SCIRXINTA_ISR
00009c8a   _SCITXINTA_ISR
00009c8f   _SCIRXINTB_ISR
00009c94   _SCITXINTB_ISR
00009c99   _ECAN0INTA_ISR
00009c9e   _ECAN1INTA_ISR
00009ca3   _ECAN0INTB_ISR
00009ca8   _ECAN1INTB_ISR
00009cad   _XINT3_ISR
00009cb2   _XINT4_ISR
00009cb7   _XINT5_ISR
00009cbc   _XINT6_ISR
00009cc1   _XINT7_ISR
00009cc6   _LVF_ISR
00009ccb   _LUF_ISR
00009cd0   _EMPTY_ISR
00009cd5   _PIE_RESERVED
00009cda   _rsvd_ISR
00009cdf   _FirstSectorofCluster16
00009cf1   _ThisFatSecNum16
00009d01   _ThisFatEntOffset16
00009d12   _GetNextClusterNum16
00009d3f   _GoToPointer16
00009d83   _DeleteClusterLink16
00009dc9   _GetFreeCusterNum16
00009e21   _CreateClusterLink16
00009e65   _InitFileSystem
00009f9d   _RBC_Read
00009fb1   _RBC_Write
00009fc5   _SPI_ENABLE
00009fc9   _SPI_DISABLE
00009fcd   _spi_initialization
00009fda   _sd_card_insertion
00009feb   _sd_initialization
0000a03e   _sd_version1_initialization
0000a0a1   _sd_version2_initialization
0000a11e   _InitXintf
0000a177   _InitXintf32Gpio
0000a1be   _InitXintf16Gpio
0000a218   _List
0000a226   _OpenFile
0000a237   _ReadFile
0000a24b   _SetFilePointer
0000a25c   _CreateFile
0000a28a   _WriteFile
0000a29e   _RemoveFile
0000a2b2   _GetCapacity
0000a2bc   _DetectDisk
0000a2c4   _CreateDir
0000a2e1   _DownDir
0000a2f2   _UpDir
0000a300   _UpRootDir
0000a30e   _InitSysCtrl
0000a317   _ServiceDog
0000a321   _DisableDog
0000a329   _InitPll
0000a377   _InitPeripheralClocks
0000a3d2   _CsmUnlock
0000a403   _sd_write_block
0000a435   _sd_write_multiple_block
0000a479   _sd_write_data
0000a4dd   _sd_read_block
0000a509   _sd_read_multiple_block
0000a552   _sd_data_response
0000a5a2   _play_Udisc
0000a65a   _sd_read_register
0000a684   _sd_ocr_response
0000a69b   _sd_cid_csd_response
0000a6d8   _sd_send_status
0000a709   _spi_xmit_byte
0000a717   _spi_xmit_command
0000a758   _sd_crc7
0000a785   _sd_command_response
0000a7a6   _sd_error
0000a7ae   _WordSwap
0000a7b9   _DelayMs
0000a7cd   _SwapINT32
0000a805   _SwapINT16
0000a811   _LSwapINT16
0000a81b   _LSwapINT32
0000a850   _sd_erase_block
0000a8b1   _c_int00
0000a8f5   _InitSpi
0000a8f6   _InitSpiGpio
0000a8f9   _InitSpiaGpio
0000a921   _InitPieCtrl
0000a940   _EnableInterrupts
0000a949   _main
0000a96f   _InitPieVectTable
0000a98f   __args_main
0000a9a8   C$$EXIT
0000a9a8   _abort
0000a9aa   _exit
0000a9c1   _toupper
0000a9d1   _islower
0000a9dd   __register_unlock
0000a9e1   __register_lock
0000a9e5   __nop
0000a9ee   ___cinit__
0000a9ee   ___etext__
0000a9ee   cinit
0000a9ee   etext
0000aa10   _InitFlash
0000aa2b   _DSP28x_usDelay
0000c000   _NowSector
0000c002   _DirStartCluster32
0000c004   _NowCluster32
0000c006   _ThisFile
0000c016   _DeviceInfo
0000c040   _ShowFileName
0000d6c0   _usector
0000d6c1   _bFlags
0000d700   _DataBuf
0000df00   _DBUF
0000e700   _FATBUF
0000e900   _data_manipulation
0000e901   _high_capacity
0000e902   _crc_enabled
0000e903   _response
0000e904   _card_status
0000e906   _ocr_contents
0000e90b   _cid_contents
0000e91b   _csd_contents
0000e92c   __unlock
0000e92e   __lock
0000e930   __cleanup_ptr
0000e932   __dtors_ptr
0000e934   _NowCluster
0000e935   _DirStartCluster
0000e936   __ctypes_
0000ea38   _PieVectTableInit
0033fff8   _CsmPwl
00380080   _ADC_cal
ffffffff   ___binit__
ffffffff   ___c_args__
ffffffff   ___pinit__
ffffffff   binit
ffffffff   pinit

[287 symbols]
