--------------------------------------------------------------------------------
Xilinx TRACE, Version D.19
Copyright (c) 1995-2000 Xilinx, Inc.  All rights reserved.

trce ev05.ncd ev05.pcf -e 3 -o ev05.twr

Design file:              ev05.ncd
Physical constraint file: ev05.pcf
Device,speed:             xc3020a,-7 (C  )
Report level:             error report
--------------------------------------------------------------------------------

WARNING:Timing:2491 - No timing constraints found, doing default enumeration.

================================================================================
Timing constraint: Default period analysis
 1145 items analyzed, 0 timing errors detected.
 Minimum period is  80.927ns.
--------------------------------------------------------------------------------

================================================================================
Timing constraint: Default net enumeration
 89 items analyzed, 0 timing errors detected.
 Maximum net delay is  14.067ns.
--------------------------------------------------------------------------------


All constraints were met.


Data Sheet report:
-----------------
All values displayed in nanoseconds (ns)

Clock $Net00074_ to Pad
---------------+------------+
               | clk (edge) |
Destination Pad|   to PAD   |
---------------+------------+
$Net00004_     |   73.166(R)|
$Net00005_     |   72.898(R)|
$Net00006_     |   71.559(R)|
$Net00007_     |   71.057(R)|
$Net00008_     |   69.182(R)|
$Net00009_     |   70.297(R)|
$Net00010_     |   69.009(R)|
$Net00012_     |   78.450(R)|
$Net00075_     |   33.146(X)|
---------------+------------+

Clock $Net00080_ to Pad
---------------+------------+
               | clk (edge) |
Destination Pad|   to PAD   |
---------------+------------+
$Net00098_     |   48.470(R)|
---------------+------------+

Clock $Net00081_ to Pad
---------------+------------+
               | clk (edge) |
Destination Pad|   to PAD   |
---------------+------------+
$Net00098_     |   55.270(R)|
---------------+------------+

Clock $Net00087_ to Pad
---------------+------------+
               | clk (edge) |
Destination Pad|   to PAD   |
---------------+------------+
$Net00098_     |   63.196(R)|
---------------+------------+

Clock $Net00088_ to Pad
---------------+------------+
               | clk (edge) |
Destination Pad|   to PAD   |
---------------+------------+
$Net00098_     |   59.169(R)|
---------------+------------+

Clock $Net00089_ to Pad
---------------+------------+
               | clk (edge) |
Destination Pad|   to PAD   |
---------------+------------+
$Net00098_     |   51.773(R)|
---------------+------------+

Clock $Net00090_ to Pad
---------------+------------+
               | clk (edge) |
Destination Pad|   to PAD   |
---------------+------------+
$Net00098_     |   57.164(R)|
---------------+------------+

Clock $Net00091_ to Pad
---------------+------------+
               | clk (edge) |
Destination Pad|   to PAD   |
---------------+------------+
$Net00098_     |   55.993(R)|
---------------+------------+

Clock $Net00092_ to Pad
---------------+------------+
               | clk (edge) |
Destination Pad|   to PAD   |
---------------+------------+
$Net00098_     |   66.884(R)|
---------------+------------+

Clock to Setup on destination clock $Net00074_
---------------+---------+---------+---------+---------+
               | Src/Dest| Src/Dest| Src/Dest| Src/Dest|
Source Clock   |Rise/Rise|Fall/Rise|Rise/Fall|Fall/Fall|
---------------+---------+---------+---------+---------+
$Net00074_     |   83.868|         |         |         |
---------------+---------+---------+---------+---------+

Clock to Setup on destination clock $Net00080_
---------------+---------+---------+---------+---------+
               | Src/Dest| Src/Dest| Src/Dest| Src/Dest|
Source Clock   |Rise/Rise|Fall/Rise|Rise/Fall|Fall/Fall|
---------------+---------+---------+---------+---------+
$Net00074_     |   44.859|         |         |         |
$Net00080_     |    4.690|    4.690|         |         |
$Net00081_     |   11.490|   11.490|         |         |
$Net00087_     |   19.416|   19.416|         |         |
$Net00088_     |   15.389|   15.389|         |         |
$Net00089_     |    7.993|    7.993|         |         |
$Net00090_     |   13.384|   13.384|         |         |
$Net00091_     |   12.213|   12.213|         |         |
$Net00092_     |   23.104|   23.104|         |         |
---------------+---------+---------+---------+---------+

Clock to Setup on destination clock $Net00081_
---------------+---------+---------+---------+---------+
               | Src/Dest| Src/Dest| Src/Dest| Src/Dest|
Source Clock   |Rise/Rise|Fall/Rise|Rise/Fall|Fall/Fall|
---------------+---------+---------+---------+---------+
$Net00074_     |   44.859|         |         |         |
$Net00080_     |   -2.110|   -2.110|         |         |
$Net00081_     |    4.690|    4.690|         |         |
$Net00087_     |   12.616|   12.616|         |         |
$Net00088_     |    8.589|    8.589|         |         |
$Net00089_     |    1.193|    1.193|         |         |
$Net00090_     |    6.584|    6.584|         |         |
$Net00091_     |    5.413|    5.413|         |         |
$Net00092_     |   16.304|   16.304|         |         |
---------------+---------+---------+---------+---------+

Clock to Setup on destination clock $Net00087_
---------------+---------+---------+---------+---------+
               | Src/Dest| Src/Dest| Src/Dest| Src/Dest|
Source Clock   |Rise/Rise|Fall/Rise|Rise/Fall|Fall/Fall|
---------------+---------+---------+---------+---------+
$Net00074_     |   44.859|         |         |         |
$Net00080_     |  -10.036|  -10.036|         |         |
$Net00081_     |   -3.236|   -3.236|         |         |
$Net00087_     |    4.690|    4.690|         |         |
$Net00088_     |    0.663|    0.663|         |         |
$Net00089_     |   -6.733|   -6.733|         |         |
$Net00090_     |   -1.342|   -1.342|         |         |
$Net00091_     |   -2.513|   -2.513|         |         |
$Net00092_     |    8.378|    8.378|         |         |
---------------+---------+---------+---------+---------+

Clock to Setup on destination clock $Net00088_
---------------+---------+---------+---------+---------+
               | Src/Dest| Src/Dest| Src/Dest| Src/Dest|
Source Clock   |Rise/Rise|Fall/Rise|Rise/Fall|Fall/Fall|
---------------+---------+---------+---------+---------+
$Net00074_     |   44.859|         |         |         |
$Net00080_     |   -6.009|   -6.009|         |         |
$Net00081_     |    0.791|    0.791|         |         |
$Net00087_     |    8.717|    8.717|         |         |
$Net00088_     |    4.690|    4.690|         |         |
$Net00089_     |   -2.706|   -2.706|         |         |
$Net00090_     |    2.685|    2.685|         |         |
$Net00091_     |    1.514|    1.514|         |         |
$Net00092_     |   12.405|   12.405|         |         |
---------------+---------+---------+---------+---------+

Clock to Setup on destination clock $Net00089_
---------------+---------+---------+---------+---------+
               | Src/Dest| Src/Dest| Src/Dest| Src/Dest|
Source Clock   |Rise/Rise|Fall/Rise|Rise/Fall|Fall/Fall|
---------------+---------+---------+---------+---------+
$Net00074_     |   44.859|         |         |         |
$Net00080_     |    1.387|    1.387|         |         |
$Net00081_     |    8.187|    8.187|         |         |
$Net00087_     |   16.113|   16.113|         |         |
$Net00088_     |   12.086|   12.086|         |         |
$Net00089_     |    4.690|    4.690|         |         |
$Net00090_     |   10.081|   10.081|         |         |
$Net00091_     |    8.910|    8.910|         |         |
$Net00092_     |   19.801|   19.801|         |         |
---------------+---------+---------+---------+---------+

Clock to Setup on destination clock $Net00090_
---------------+---------+---------+---------+---------+
               | Src/Dest| Src/Dest| Src/Dest| Src/Dest|
Source Clock   |Rise/Rise|Fall/Rise|Rise/Fall|Fall/Fall|
---------------+---------+---------+---------+---------+
$Net00074_     |   44.859|         |         |         |
$Net00080_     |   -4.004|   -4.004|         |         |
$Net00081_     |    2.796|    2.796|         |         |
$Net00087_     |   10.722|   10.722|         |         |
$Net00088_     |    6.695|    6.695|         |         |
$Net00089_     |   -0.701|   -0.701|         |         |
$Net00090_     |    4.690|    4.690|         |         |
$Net00091_     |    3.519|    3.519|         |         |
$Net00092_     |   14.410|   14.410|         |         |
---------------+---------+---------+---------+---------+

Clock to Setup on destination clock $Net00091_
---------------+---------+---------+---------+---------+
               | Src/Dest| Src/Dest| Src/Dest| Src/Dest|
Source Clock   |Rise/Rise|Fall/Rise|Rise/Fall|Fall/Fall|
---------------+---------+---------+---------+---------+
$Net00074_     |   44.859|         |         |         |
$Net00080_     |   -2.833|   -2.833|         |         |
$Net00081_     |    3.967|    3.967|         |         |
$Net00087_     |   11.893|   11.893|         |         |
$Net00088_     |    7.866|    7.866|         |         |
$Net00089_     |    0.470|    0.470|         |         |
$Net00090_     |    5.861|    5.861|         |         |
$Net00091_     |    4.690|    4.690|         |         |
$Net00092_     |   15.581|   15.581|         |         |
---------------+---------+---------+---------+---------+

Clock to Setup on destination clock $Net00092_
---------------+---------+---------+---------+---------+
               | Src/Dest| Src/Dest| Src/Dest| Src/Dest|
Source Clock   |Rise/Rise|Fall/Rise|Rise/Fall|Fall/Fall|
---------------+---------+---------+---------+---------+
$Net00074_     |   44.859|         |         |         |
$Net00080_     |  -13.724|  -13.724|         |         |
$Net00081_     |   -6.924|   -6.924|         |         |
$Net00087_     |    1.002|    1.002|         |         |
$Net00088_     |   -3.025|   -3.025|         |         |
$Net00089_     |  -10.421|  -10.421|         |         |
$Net00090_     |   -5.030|   -5.030|         |         |
$Net00091_     |   -6.201|   -6.201|         |         |
$Net00092_     |    4.690|    4.690|         |         |
---------------+---------+---------+---------+---------+


Timing summary:
---------------

Timing errors: 0  Score: 0

Constraints cover 1145 paths, 89 nets, and 261 connections (100.0% coverage)

Design statistics:
   Minimum period:  80.927ns (Maximum frequency:  12.357MHz)
   Maximum net delay:  14.067ns


Analysis completed Fri Mar 30 13:29:40 2001
--------------------------------------------------------------------------------

