******************************************************************************
  TMS320C2000 Evaluation Linker PC v6.0.1                      
******************************************************************************
>> Linked Thu Feb 01 14:46:26 2018

OUTPUT FILE NAME:   <POP28335_SPI_8SEG_Static.out>
ENTRY POINT SYMBOL: "_c_int00"  address: 000098ac


MEMORY CONFIGURATION

         name            origin    length      used     unused   attr    fill
----------------------  --------  ---------  --------  --------  ----  --------
PAGE 0:
  BEGIN                 00000000   00000002  00000002  00000000  RWIX
  BOOT_RSVD             00000002   0000004e  00000000  0000004e  RWIX
  RAMM0                 00000050   000003b0  00000000  000003b0  RWIX
  RAML0                 00008000   00001000  00000041  00000fbf  RWIX
  RAML1L2               00009000   00002000  000009d7  00001629  RWIX
  RAML3                 0000b000   00001000  00000000  00001000  RWIX
  ZONE6A                00100000   0000fc00  00000000  0000fc00  RWIX
  CSM_RSVD              0033ff80   00000076  00000000  00000076  RWIX
  CSM_PWL               0033fff8   00000008  00000000  00000008  RWIX
  ADC_CAL               00380080   00000009  00000007  00000002  RWIX
  IQTABLES              003fe000   00000b50  00000000  00000b50  RWIX
  IQTABLES2             003feb50   0000008c  00000000  0000008c  RWIX
  FPUTABLES             003febdc   000006a0  00000000  000006a0  RWIX
  BOOTROM               003ff27c   00000d44  00000000  00000d44  RWIX
  RESET                 003fffc0   00000002  00000000  00000002  RWIX

PAGE 1:
  RAMM1                 00000400   00000400  00000200  00000200  RWIX
  DEV_EMU               00000880   00000180  000000d0  000000b0  RWIX
  FLASH_REGS            00000a80   00000060  00000008  00000058  RWIX
  CSM                   00000ae0   00000010  00000010  00000000  RWIX
  ADC_MIRROR            00000b00   00000010  00000010  00000000  RWIX
  XINTF                 00000b20   00000020  0000001e  00000002  RWIX
  CPU_TIMER0            00000c00   00000008  00000008  00000000  RWIX
  CPU_TIMER1            00000c08   00000008  00000008  00000000  RWIX
  CPU_TIMER2            00000c10   00000008  00000008  00000000  RWIX
  PIE_CTRL              00000ce0   00000020  0000001a  00000006  RWIX
  PIE_VECT              00000d00   00000100  00000100  00000000  RWIX
  DMA                   00001000   00000200  000000e0  00000120  RWIX
  MCBSPA                00005000   00000040  00000025  0000001b  RWIX
  MCBSPB                00005040   00000040  00000025  0000001b  RWIX
  ECANA                 00006000   00000040  00000034  0000000c  RWIX
  ECANA_LAM             00006040   00000040  00000040  00000000  RWIX
  ECANA_MOTS            00006080   00000040  00000040  00000000  RWIX
  ECANA_MOTO            000060c0   00000040  00000040  00000000  RWIX
  ECANA_MBOX            00006100   00000100  00000100  00000000  RWIX
  ECANB                 00006200   00000040  00000034  0000000c  RWIX
  ECANB_LAM             00006240   00000040  00000040  00000000  RWIX
  ECANB_MOTS            00006280   00000040  00000040  00000000  RWIX
  ECANB_MOTO            000062c0   00000040  00000040  00000000  RWIX
  ECANB_MBOX            00006300   00000100  00000100  00000000  RWIX
  EPWM1                 00006800   00000022  00000022  00000000  RWIX
  EPWM2                 00006840   00000022  00000022  00000000  RWIX
  EPWM3                 00006880   00000022  00000022  00000000  RWIX
  EPWM4                 000068c0   00000022  00000022  00000000  RWIX
  EPWM5                 00006900   00000022  00000022  00000000  RWIX
  EPWM6                 00006940   00000022  00000022  00000000  RWIX
  ECAP1                 00006a00   00000020  00000020  00000000  RWIX
  ECAP2                 00006a20   00000020  00000020  00000000  RWIX
  ECAP3                 00006a40   00000020  00000020  00000000  RWIX
  ECAP4                 00006a60   00000020  00000020  00000000  RWIX
  ECAP5                 00006a80   00000020  00000020  00000000  RWIX
  ECAP6                 00006aa0   00000020  00000020  00000000  RWIX
  EQEP1                 00006b00   00000040  00000040  00000000  RWIX
  EQEP2                 00006b40   00000040  00000040  00000000  RWIX
  GPIOCTRL              00006f80   00000040  0000002e  00000012  RWIX
  GPIODAT               00006fc0   00000020  00000020  00000000  RWIX
  GPIOINT               00006fe0   00000020  0000000a  00000016  RWIX
  SYSTEM                00007010   00000020  00000020  00000000  RWIX
  SPIA                  00007040   00000010  00000010  00000000  RWIX
  SCIA                  00007050   00000010  00000010  00000000  RWIX
  XINTRUPT              00007070   00000010  00000010  00000000  RWIX
  ADC                   00007100   00000020  0000001e  00000002  RWIX
  SCIB                  00007750   00000010  00000010  00000000  RWIX
  SCIC                  00007770   00000010  00000010  00000000  RWIX
  I2CA                  00007900   00000040  00000022  0000001e  RWIX
  RAML4                 0000c000   00001000  00000088  00000f78  RWIX
  RAML5                 0000d000   00001000  00000100  00000f00  RWIX
  RAML6                 0000e000   00001000  00000000  00001000  RWIX
  RAML7                 0000f000   00001000  00000000  00001000  RWIX
  ZONE7B                0020fc00   00000400  00000000  00000400  RWIX
  CSM_PWL               0033fff8   00000008  00000008  00000000  RWIX


SECTION ALLOCATION MAP

 output                                  attributes/
section   page    origin      length       input sections
--------  ----  ----------  ----------   ----------------
codestart 
*          0    00000000    00000002     
                  00000000    00000002     DSP2833x_CodeStartBranch.obj (codestart)

.pinit     0    00008000    00000000     UNINITIALIZED

.cinit     0    00008000    00000022     
                  00008000    0000000c     W5500.obj (.cinit)
                  0000800c    0000000a     rts2800_fpu32.lib : _lock.obj (.cinit)
                  00008016    0000000a                       : exit.obj (.cinit)
                  00008020    00000002     --HOLE-- [fill = 0]

ramfuncs   0    00008022    0000001f     
                  00008022    0000001b     DSP2833x_SysCtrl.obj (ramfuncs)
                  0000803d    00000004     DSP2833x_usDelay.obj (ramfuncs)

.text      0    00009000    000009d7     
                  00009000    000003b1     W5500.obj (.text)
                  000093b1    00000323     DSP2833x_DefaultIsr.obj (.text:retain)
                  000096d4    000000f5     DSP2833x_SysCtrl.obj (.text)
                  000097c9    000000e3     NET.obj (.text)
                  000098ac    00000046     rts2800_fpu32.lib : boot.obj (.text)
                  000098f2    00000028     DSP2833x_PieCtrl.obj (.text)
                  0000991a    00000024     DSP2833x_Spi.obj (.text)
                  0000993e    00000021     rts2800_fpu32.lib : memcpy_ff.obj (.text)
                  0000995f    00000020     DSP2833x_PieVect.obj (.text)
                  0000997f    00000019     rts2800_fpu32.lib : args_main.obj (.text)
                  00009998    00000019                       : exit.obj (.text)
                  000099b1    00000015     NET.obj (.text:retain)
                  000099c6    00000009     rts2800_fpu32.lib : _lock.obj (.text)
                  000099cf    00000008     DSP2833x_CodeStartBranch.obj (.text)

csm_rsvd   0    0033ff80    00000000     DSECT

csmpasswds 
*          0    0033fff8    00000000     DSECT

.adc_cal   0    00380080    00000007     NOLOAD SECTION
                  00380080    00000007     DSP2833x_ADC_cal.obj (.adc_cal)

.reset     0    003fffc0    00000002     DSECT
                  003fffc0    00000002     rts2800_fpu32.lib : boot.obj (.reset)

.stack     1    00000400    00000200     UNINITIALIZED
                  00000400    00000200     --HOLE--

DevEmuRegsFile 
*          1    00000880    000000d0     UNINITIALIZED
                  00000880    000000d0     DSP2833x_GlobalVariableDefs.obj (DevEmuRegsFile)

FlashRegsFile 
*          1    00000a80    00000008     UNINITIALIZED
                  00000a80    00000008     DSP2833x_GlobalVariableDefs.obj (FlashRegsFile)

CsmRegsFile 
*          1    00000ae0    00000010     UNINITIALIZED
                  00000ae0    00000010     DSP2833x_GlobalVariableDefs.obj (CsmRegsFile)

AdcMirrorFile 
*          1    00000b00    00000010     UNINITIALIZED
                  00000b00    00000010     DSP2833x_GlobalVariableDefs.obj (AdcMirrorFile)

XintfRegsFile 
*          1    00000b20    0000001e     UNINITIALIZED
                  00000b20    0000001e     DSP2833x_GlobalVariableDefs.obj (XintfRegsFile)

CpuTimer0RegsFile 
*          1    00000c00    00000008     UNINITIALIZED
                  00000c00    00000008     DSP2833x_GlobalVariableDefs.obj (CpuTimer0RegsFile)

CpuTimer1RegsFile 
*          1    00000c08    00000008     UNINITIALIZED
                  00000c08    00000008     DSP2833x_GlobalVariableDefs.obj (CpuTimer1RegsFile)

CpuTimer2RegsFile 
*          1    00000c10    00000008     UNINITIALIZED
                  00000c10    00000008     DSP2833x_GlobalVariableDefs.obj (CpuTimer2RegsFile)

PieCtrlRegsFile 
*          1    00000ce0    0000001a     UNINITIALIZED
                  00000ce0    0000001a     DSP2833x_GlobalVariableDefs.obj (PieCtrlRegsFile)

PieVectTableFile 
*          1    00000d00    00000100     UNINITIALIZED
                  00000d00    00000100     DSP2833x_GlobalVariableDefs.obj (PieVectTableFile)

DmaRegsFile 
*          1    00001000    000000e0     UNINITIALIZED
                  00001000    000000e0     DSP2833x_GlobalVariableDefs.obj (DmaRegsFile)

McbspaRegsFile 
*          1    00005000    00000025     UNINITIALIZED
                  00005000    00000025     DSP2833x_GlobalVariableDefs.obj (McbspaRegsFile)

McbspbRegsFile 
*          1    00005040    00000025     UNINITIALIZED
                  00005040    00000025     DSP2833x_GlobalVariableDefs.obj (McbspbRegsFile)

ECanaRegsFile 
*          1    00006000    00000034     UNINITIALIZED
                  00006000    00000034     DSP2833x_GlobalVariableDefs.obj (ECanaRegsFile)

ECanaLAMRegsFile 
*          1    00006040    00000040     UNINITIALIZED
                  00006040    00000040     DSP2833x_GlobalVariableDefs.obj (ECanaLAMRegsFile)

ECanaMOTSRegsFile 
*          1    00006080    00000040     UNINITIALIZED
                  00006080    00000040     DSP2833x_GlobalVariableDefs.obj (ECanaMOTSRegsFile)

ECanaMOTORegsFile 
*          1    000060c0    00000040     UNINITIALIZED
                  000060c0    00000040     DSP2833x_GlobalVariableDefs.obj (ECanaMOTORegsFile)

ECanaMboxesFile 
*          1    00006100    00000100     UNINITIALIZED
                  00006100    00000100     DSP2833x_GlobalVariableDefs.obj (ECanaMboxesFile)

ECanbRegsFile 
*          1    00006200    00000034     UNINITIALIZED
                  00006200    00000034     DSP2833x_GlobalVariableDefs.obj (ECanbRegsFile)

ECanbLAMRegsFile 
*          1    00006240    00000040     UNINITIALIZED
                  00006240    00000040     DSP2833x_GlobalVariableDefs.obj (ECanbLAMRegsFile)

ECanbMOTSRegsFile 
*          1    00006280    00000040     UNINITIALIZED
                  00006280    00000040     DSP2833x_GlobalVariableDefs.obj (ECanbMOTSRegsFile)

ECanbMOTORegsFile 
*          1    000062c0    00000040     UNINITIALIZED
                  000062c0    00000040     DSP2833x_GlobalVariableDefs.obj (ECanbMOTORegsFile)

ECanbMboxesFile 
*          1    00006300    00000100     UNINITIALIZED
                  00006300    00000100     DSP2833x_GlobalVariableDefs.obj (ECanbMboxesFile)

EPwm1RegsFile 
*          1    00006800    00000022     UNINITIALIZED
                  00006800    00000022     DSP2833x_GlobalVariableDefs.obj (EPwm1RegsFile)

EPwm2RegsFile 
*          1    00006840    00000022     UNINITIALIZED
                  00006840    00000022     DSP2833x_GlobalVariableDefs.obj (EPwm2RegsFile)

EPwm3RegsFile 
*          1    00006880    00000022     UNINITIALIZED
                  00006880    00000022     DSP2833x_GlobalVariableDefs.obj (EPwm3RegsFile)

EPwm4RegsFile 
*          1    000068c0    00000022     UNINITIALIZED
                  000068c0    00000022     DSP2833x_GlobalVariableDefs.obj (EPwm4RegsFile)

EPwm5RegsFile 
*          1    00006900    00000022     UNINITIALIZED
                  00006900    00000022     DSP2833x_GlobalVariableDefs.obj (EPwm5RegsFile)

EPwm6RegsFile 
*          1    00006940    00000022     UNINITIALIZED
                  00006940    00000022     DSP2833x_GlobalVariableDefs.obj (EPwm6RegsFile)

ECap1RegsFile 
*          1    00006a00    00000020     UNINITIALIZED
                  00006a00    00000020     DSP2833x_GlobalVariableDefs.obj (ECap1RegsFile)

ECap2RegsFile 
*          1    00006a20    00000020     UNINITIALIZED
                  00006a20    00000020     DSP2833x_GlobalVariableDefs.obj (ECap2RegsFile)

ECap3RegsFile 
*          1    00006a40    00000020     UNINITIALIZED
                  00006a40    00000020     DSP2833x_GlobalVariableDefs.obj (ECap3RegsFile)

ECap4RegsFile 
*          1    00006a60    00000020     UNINITIALIZED
                  00006a60    00000020     DSP2833x_GlobalVariableDefs.obj (ECap4RegsFile)

ECap5RegsFile 
*          1    00006a80    00000020     UNINITIALIZED
                  00006a80    00000020     DSP2833x_GlobalVariableDefs.obj (ECap5RegsFile)

ECap6RegsFile 
*          1    00006aa0    00000020     UNINITIALIZED
                  00006aa0    00000020     DSP2833x_GlobalVariableDefs.obj (ECap6RegsFile)

EQep1RegsFile 
*          1    00006b00    00000040     UNINITIALIZED
                  00006b00    00000040     DSP2833x_GlobalVariableDefs.obj (EQep1RegsFile)

EQep2RegsFile 
*          1    00006b40    00000040     UNINITIALIZED
                  00006b40    00000040     DSP2833x_GlobalVariableDefs.obj (EQep2RegsFile)

GpioCtrlRegsFile 
*          1    00006f80    0000002e     UNINITIALIZED
                  00006f80    0000002e     DSP2833x_GlobalVariableDefs.obj (GpioCtrlRegsFile)

GpioDataRegsFile 
*          1    00006fc0    00000020     UNINITIALIZED
                  00006fc0    00000020     DSP2833x_GlobalVariableDefs.obj (GpioDataRegsFile)

GpioIntRegsFile 
*          1    00006fe0    0000000a     UNINITIALIZED
                  00006fe0    0000000a     DSP2833x_GlobalVariableDefs.obj (GpioIntRegsFile)

SysCtrlRegsFile 
*          1    00007010    00000020     UNINITIALIZED
                  00007010    00000020     DSP2833x_GlobalVariableDefs.obj (SysCtrlRegsFile)

SpiaRegsFile 
*          1    00007040    00000010     UNINITIALIZED
                  00007040    00000010     DSP2833x_GlobalVariableDefs.obj (SpiaRegsFile)

SciaRegsFile 
*          1    00007050    00000010     UNINITIALIZED
                  00007050    00000010     DSP2833x_GlobalVariableDefs.obj (SciaRegsFile)

XIntruptRegsFile 
*          1    00007070    00000010     UNINITIALIZED
                  00007070    00000010     DSP2833x_GlobalVariableDefs.obj (XIntruptRegsFile)

AdcRegsFile 
*          1    00007100    0000001e     UNINITIALIZED
                  00007100    0000001e     DSP2833x_GlobalVariableDefs.obj (AdcRegsFile)

ScibRegsFile 
*          1    00007750    00000010     UNINITIALIZED
                  00007750    00000010     DSP2833x_GlobalVariableDefs.obj (ScibRegsFile)

ScicRegsFile 
*          1    00007770    00000010     UNINITIALIZED
                  00007770    00000010     DSP2833x_GlobalVariableDefs.obj (ScicRegsFile)

I2caRegsFile 
*          1    00007900    00000022     UNINITIALIZED
                  00007900    00000022     DSP2833x_GlobalVariableDefs.obj (I2caRegsFile)

.ebss      1    0000c000    00000088     UNINITIALIZED
                  0000c000    00000080     W5500.obj (.ebss)
                  0000c080    00000004     rts2800_fpu32.lib : _lock.obj (.ebss)
                  0000c084    00000004                       : exit.obj (.ebss)

.econst    1    0000d000    00000100     
                  0000d000    00000100     DSP2833x_PieVect.obj (.econst)

CsmPwlFile 
*          1    0033fff8    00000008     UNINITIALIZED
                  0033fff8    00000008     DSP2833x_GlobalVariableDefs.obj (CsmPwlFile)


GLOBAL SYMBOLS: SORTED ALPHABETICALLY BY Name 

address    name
--------   ----
00009000   .text
00009998   C$$EXIT
00009497   _ADCINT_ISR
00380080   _ADC_cal
00000b00   _AdcMirror
00007100   _AdcRegs
00000c00   _CpuTimer0Regs
00000c08   _CpuTimer1Regs
00000c10   _CpuTimer2Regs
0033fff8   _CsmPwl
00000ae0   _CsmRegs
00009798   _CsmUnlock
000093c5   _DATALOG_ISR
000095b9   _DINTCH1_ISR
000095c3   _DINTCH2_ISR
000095cd   _DINTCH3_ISR
000095d7   _DINTCH4_ISR
000095e1   _DINTCH5_ISR
000095eb   _DINTCH6_ISR
0000803d   _DSP28x_usDelay
00009282   _Detect_Gateway
00000880   _DevEmuRegs
000096e7   _DisableDog
00001000   _DmaRegs
00009645   _ECAN0INTA_ISR
00009659   _ECAN0INTB_ISR
0000964f   _ECAN1INTA_ISR
00009663   _ECAN1INTB_ISR
0000952d   _ECAP1_INT_ISR
00009537   _ECAP2_INT_ISR
00009541   _ECAP3_INT_ISR
0000954b   _ECAP4_INT_ISR
00009555   _ECAP5_INT_ISR
0000955f   _ECAP6_INT_ISR
00006040   _ECanaLAMRegs
000060c0   _ECanaMOTORegs
00006080   _ECanaMOTSRegs
00006100   _ECanaMboxes
00006000   _ECanaRegs
00006240   _ECanbLAMRegs
000062c0   _ECanbMOTORegs
00006280   _ECanbMOTSRegs
00006300   _ECanbMboxes
00006200   _ECanbRegs
00006a00   _ECap1Regs
00006a20   _ECap2Regs
00006a40   _ECap3Regs
00006a60   _ECap4Regs
00006a80   _ECap5Regs
00006aa0   _ECap6Regs
000096b3   _EMPTY_ISR
000093d9   _EMUINT_ISR
000094f1   _EPWM1_INT_ISR
000094b5   _EPWM1_TZINT_ISR
000094fb   _EPWM2_INT_ISR
000094bf   _EPWM2_TZINT_ISR
00009505   _EPWM3_INT_ISR
000094c9   _EPWM3_TZINT_ISR
0000950f   _EPWM4_INT_ISR
000094d3   _EPWM4_TZINT_ISR
00009519   _EPWM5_INT_ISR
000094dd   _EPWM5_TZINT_ISR
00009523   _EPWM6_INT_ISR
000094e7   _EPWM6_TZINT_ISR
00006800   _EPwm1Regs
00006840   _EPwm2Regs
00006880   _EPwm3Regs
000068c0   _EPwm4Regs
00006900   _EPwm5Regs
00006940   _EPwm6Regs
00009569   _EQEP1_INT_ISR
00009573   _EQEP2_INT_ISR
00006b00   _EQep1Regs
00006b40   _EQep2Regs
00009911   _EnableInterrupts
00000a80   _FlashRegs
0000c00e   _Gateway_IP
00006f80   _GpioCtrlRegs
00006fc0   _GpioDataRegs
00006fe0   _GpioIntRegs
000095f5   _I2CINT1A_ISR
000095ff   _I2CINT2A_ISR
00007900   _I2caRegs
000093ed   _ILLEGAL_ISR
000093b1   _INT13_ISR
000093bb   _INT14_ISR
0000c016   _IP_Addr
00008022   _InitFlash
0000973d   _InitPeripheralClocks
000098f2   _InitPieCtrl
0000995f   _InitPieVectTable
000096ef   _InitPll
0000991a   _InitSpi
0000991b   _InitSpiGpio
0000991e   _InitSpiaGpio
000096d4   _InitSysCtrl
000096a9   _LUF_ISR
0000969f   _LVF_ISR
000097c9   _Load_Net_Parameters
000095a5   _MRINTA_ISR
00009591   _MRINTB_ISR
000095af   _MXINTA_ISR
0000959b   _MXINTB_ISR
00005000   _McbspaRegs
00005040   _McbspbRegs
000093e3   _NMI_ISR
000096c0   _PIE_RESERVED
0000c01e   _Phy_Addr
00000ce0   _PieCtrlRegs
00000d00   _PieVectTable
0000d000   _PieVectTableInit
00009325   _Process_Read_Data
000093cf   _RTOSINT_ISR
0000913d   _Read_SOCK_Data_Buffer
000090ea   _Read_W5500_1Byte
000090ff   _Read_W5500_SOCK_1Byte
0000911b   _Read_W5500_SOCK_2Byte
0000c040   _Rx_Buffer
0000c012   _S0_DIP
0000c004   _S0_DPort
0000c000   _S0_Data
0000c001   _S0_Mode
0000c008   _S0_Port
0000c002   _S0_State
0000961d   _SCIRXINTA_ISR
00009631   _SCIRXINTB_ISR
00009609   _SCIRXINTC_ISR
00009627   _SCITXINTA_ISR
0000963b   _SCITXINTB_ISR
00009613   _SCITXINTC_ISR
0000946f   _SEQ1INT_ISR
00009479   _SEQ2INT_ISR
0000900f   _SPI1_Send_Byte
00009039   _SPI1_Send_Short
0000957d   _SPIRXINTA_ISR
00009587   _SPITXINTA_ISR
0000989b   _SPI_Init
00007050   _SciaRegs
00007750   _ScibRegs
00007770   _ScicRegs
000096dd   _ServiceDog
000092dd   _Socket_Init
00009305   _Socket_UDP
00007040   _SpiaRegs
0000c00a   _Sub_Mask
00007010   _SysCtrlRegs
000094a1   _TINT0_ISR
0000c060   _Tx_Buffer
0000c01a   _UDP_DIPR
0000c006   _UDP_DPORT
00009451   _USER10_ISR
0000945b   _USER11_ISR
00009465   _USER12_ISR
000093f7   _USER1_ISR
00009401   _USER2_ISR
0000940b   _USER3_ISR
00009415   _USER4_ISR
0000941f   _USER5_ISR
00009429   _USER6_ISR
00009433   _USER7_ISR
0000943d   _USER8_ISR
00009447   _USER9_ISR
00009817   _W5500_Config
0000922e   _W5500_Init
0000980d   _W5500_Initialization
0000c003   _W5500_Interrupt
00009364   _W5500_Interrupt_Process
000097fe   _W5500_Socket_Set
000099b1   _W5500_isr
00009000   _W5Delay
000094ab   _WAKEINT_ISR
000091b4   _Write_SOCK_Data_Buffer
00009043   _Write_W5500_1Byte
00009058   _Write_W5500_2Byte
0000908b   _Write_W5500_SOCK_1Byte
000090a5   _Write_W5500_SOCK_2Byte
000090bf   _Write_W5500_SOCK_4Byte
0000906d   _Write_W5500_nByte
00009483   _XINT1_ISR
0000948d   _XINT2_ISR
0000966d   _XINT3_ISR
00009677   _XINT4_ISR
00009681   _XINT5_ISR
0000968b   _XINT6_ISR
00009695   _XINT7_ISR
00007070   _XIntruptRegs
00000b20   _XintfRegs
00000600   __STACK_END
00000200   __STACK_SIZE
00000001   __TI_args_main
ffffffff   ___binit__
ffffffff   ___c_args__
00008000   ___cinit__
000099d7   ___etext__
0000993e   ___memcpy_ff
ffffffff   ___pinit__
00009000   ___text__
0000997f   __args_main
0000c084   __cleanup_ptr
0000c086   __dtors_ptr
0000c082   __lock
000099ce   __nop
000099ca   __register_lock
000099c6   __register_unlock
00000400   __stack
0000c080   __unlock
00009998   _abort
000098ac   _c_int00
00009887   _delay_loop
00009899   _error
0000999a   _exit
0000981c   _main
000096ca   _rsvd_ISR
00009877   _s_delay
ffffffff   binit
00008000   cinit
00000000   code_start
000099d7   etext
ffffffff   pinit


GLOBAL SYMBOLS: SORTED BY Symbol Address 

address    name
--------   ----
00000000   code_start
00000001   __TI_args_main
00000200   __STACK_SIZE
00000400   __stack
00000600   __STACK_END
00000880   _DevEmuRegs
00000a80   _FlashRegs
00000ae0   _CsmRegs
00000b00   _AdcMirror
00000b20   _XintfRegs
00000c00   _CpuTimer0Regs
00000c08   _CpuTimer1Regs
00000c10   _CpuTimer2Regs
00000ce0   _PieCtrlRegs
00000d00   _PieVectTable
00001000   _DmaRegs
00005000   _McbspaRegs
00005040   _McbspbRegs
00006000   _ECanaRegs
00006040   _ECanaLAMRegs
00006080   _ECanaMOTSRegs
000060c0   _ECanaMOTORegs
00006100   _ECanaMboxes
00006200   _ECanbRegs
00006240   _ECanbLAMRegs
00006280   _ECanbMOTSRegs
000062c0   _ECanbMOTORegs
00006300   _ECanbMboxes
00006800   _EPwm1Regs
00006840   _EPwm2Regs
00006880   _EPwm3Regs
000068c0   _EPwm4Regs
00006900   _EPwm5Regs
00006940   _EPwm6Regs
00006a00   _ECap1Regs
00006a20   _ECap2Regs
00006a40   _ECap3Regs
00006a60   _ECap4Regs
00006a80   _ECap5Regs
00006aa0   _ECap6Regs
00006b00   _EQep1Regs
00006b40   _EQep2Regs
00006f80   _GpioCtrlRegs
00006fc0   _GpioDataRegs
00006fe0   _GpioIntRegs
00007010   _SysCtrlRegs
00007040   _SpiaRegs
00007050   _SciaRegs
00007070   _XIntruptRegs
00007100   _AdcRegs
00007750   _ScibRegs
00007770   _ScicRegs
00007900   _I2caRegs
00008000   ___cinit__
00008000   cinit
00008022   _InitFlash
0000803d   _DSP28x_usDelay
00009000   .text
00009000   _W5Delay
00009000   ___text__
0000900f   _SPI1_Send_Byte
00009039   _SPI1_Send_Short
00009043   _Write_W5500_1Byte
00009058   _Write_W5500_2Byte
0000906d   _Write_W5500_nByte
0000908b   _Write_W5500_SOCK_1Byte
000090a5   _Write_W5500_SOCK_2Byte
000090bf   _Write_W5500_SOCK_4Byte
000090ea   _Read_W5500_1Byte
000090ff   _Read_W5500_SOCK_1Byte
0000911b   _Read_W5500_SOCK_2Byte
0000913d   _Read_SOCK_Data_Buffer
000091b4   _Write_SOCK_Data_Buffer
0000922e   _W5500_Init
00009282   _Detect_Gateway
000092dd   _Socket_Init
00009305   _Socket_UDP
00009325   _Process_Read_Data
00009364   _W5500_Interrupt_Process
000093b1   _INT13_ISR
000093bb   _INT14_ISR
000093c5   _DATALOG_ISR
000093cf   _RTOSINT_ISR
000093d9   _EMUINT_ISR
000093e3   _NMI_ISR
000093ed   _ILLEGAL_ISR
000093f7   _USER1_ISR
00009401   _USER2_ISR
0000940b   _USER3_ISR
00009415   _USER4_ISR
0000941f   _USER5_ISR
00009429   _USER6_ISR
00009433   _USER7_ISR
0000943d   _USER8_ISR
00009447   _USER9_ISR
00009451   _USER10_ISR
0000945b   _USER11_ISR
00009465   _USER12_ISR
0000946f   _SEQ1INT_ISR
00009479   _SEQ2INT_ISR
00009483   _XINT1_ISR
0000948d   _XINT2_ISR
00009497   _ADCINT_ISR
000094a1   _TINT0_ISR
000094ab   _WAKEINT_ISR
000094b5   _EPWM1_TZINT_ISR
000094bf   _EPWM2_TZINT_ISR
000094c9   _EPWM3_TZINT_ISR
000094d3   _EPWM4_TZINT_ISR
000094dd   _EPWM5_TZINT_ISR
000094e7   _EPWM6_TZINT_ISR
000094f1   _EPWM1_INT_ISR
000094fb   _EPWM2_INT_ISR
00009505   _EPWM3_INT_ISR
0000950f   _EPWM4_INT_ISR
00009519   _EPWM5_INT_ISR
00009523   _EPWM6_INT_ISR
0000952d   _ECAP1_INT_ISR
00009537   _ECAP2_INT_ISR
00009541   _ECAP3_INT_ISR
0000954b   _ECAP4_INT_ISR
00009555   _ECAP5_INT_ISR
0000955f   _ECAP6_INT_ISR
00009569   _EQEP1_INT_ISR
00009573   _EQEP2_INT_ISR
0000957d   _SPIRXINTA_ISR
00009587   _SPITXINTA_ISR
00009591   _MRINTB_ISR
0000959b   _MXINTB_ISR
000095a5   _MRINTA_ISR
000095af   _MXINTA_ISR
000095b9   _DINTCH1_ISR
000095c3   _DINTCH2_ISR
000095cd   _DINTCH3_ISR
000095d7   _DINTCH4_ISR
000095e1   _DINTCH5_ISR
000095eb   _DINTCH6_ISR
000095f5   _I2CINT1A_ISR
000095ff   _I2CINT2A_ISR
00009609   _SCIRXINTC_ISR
00009613   _SCITXINTC_ISR
0000961d   _SCIRXINTA_ISR
00009627   _SCITXINTA_ISR
00009631   _SCIRXINTB_ISR
0000963b   _SCITXINTB_ISR
00009645   _ECAN0INTA_ISR
0000964f   _ECAN1INTA_ISR
00009659   _ECAN0INTB_ISR
00009663   _ECAN1INTB_ISR
0000966d   _XINT3_ISR
00009677   _XINT4_ISR
00009681   _XINT5_ISR
0000968b   _XINT6_ISR
00009695   _XINT7_ISR
0000969f   _LVF_ISR
000096a9   _LUF_ISR
000096b3   _EMPTY_ISR
000096c0   _PIE_RESERVED
000096ca   _rsvd_ISR
000096d4   _InitSysCtrl
000096dd   _ServiceDog
000096e7   _DisableDog
000096ef   _InitPll
0000973d   _InitPeripheralClocks
00009798   _CsmUnlock
000097c9   _Load_Net_Parameters
000097fe   _W5500_Socket_Set
0000980d   _W5500_Initialization
00009817   _W5500_Config
0000981c   _main
00009877   _s_delay
00009887   _delay_loop
00009899   _error
0000989b   _SPI_Init
000098ac   _c_int00
000098f2   _InitPieCtrl
00009911   _EnableInterrupts
0000991a   _InitSpi
0000991b   _InitSpiGpio
0000991e   _InitSpiaGpio
0000993e   ___memcpy_ff
0000995f   _InitPieVectTable
0000997f   __args_main
00009998   C$$EXIT
00009998   _abort
0000999a   _exit
000099b1   _W5500_isr
000099c6   __register_unlock
000099ca   __register_lock
000099ce   __nop
000099d7   ___etext__
000099d7   etext
0000c000   _S0_Data
0000c001   _S0_Mode
0000c002   _S0_State
0000c003   _W5500_Interrupt
0000c004   _S0_DPort
0000c006   _UDP_DPORT
0000c008   _S0_Port
0000c00a   _Sub_Mask
0000c00e   _Gateway_IP
0000c012   _S0_DIP
0000c016   _IP_Addr
0000c01a   _UDP_DIPR
0000c01e   _Phy_Addr
0000c040   _Rx_Buffer
0000c060   _Tx_Buffer
0000c080   __unlock
0000c082   __lock
0000c084   __cleanup_ptr
0000c086   __dtors_ptr
0000d000   _PieVectTableInit
0033fff8   _CsmPwl
00380080   _ADC_cal
ffffffff   ___binit__
ffffffff   ___c_args__
ffffffff   ___pinit__
ffffffff   binit
ffffffff   pinit

[219 symbols]
